// Jest Snapshot v1, https://goo.gl/fbAQLP

exports[`ArticleContent should render markdown correctly 1`] = `
"<div class=\\"col-xs-12\\">
  <h1 id=\\"h1-heading-8-\\">h1 Heading 8-)</h1>
  <h2 id=\\"h2-heading\\">h2 Heading</h2>
  <h3 id=\\"h3-heading\\">h3 Heading</h3>
  <h4 id=\\"h4-heading\\">h4 Heading</h4>
  <h5 id=\\"h5-heading\\">h5 Heading</h5>
  <h6 id=\\"h6-heading\\">h6 Heading</h6>
  <h2 id=\\"horizontal-rules\\">Horizontal Rules</h2>
  <hr>
  <hr>
  <hr>
  <h2 id=\\"typographic-replacements\\">Typographic replacements</h2>
  <p>Enable typographer option to see result.</p>
  <p>(c) (C) (r) (R) (tm) (TM) (p) (P) +-</p>
  <p>test.. test... test..... test?..... test!....</p>
  <p>!!!!!! ???? ,, -- ---</p>
  <p>\\"Smartypants, double quotes\\" and 'single quotes'</p>
  <h2 id=\\"emphasis\\">Emphasis</h2>
  <p><strong>This is bold text</strong></p>
  <p><strong>This is bold text</strong></p>
  <p><em>This is italic text</em></p>
  <p><em>This is italic text</em></p>
  <p><del>Strikethrough</del></p>
  <h2 id=\\"blockquotes\\">Blockquotes</h2>
  <blockquote>
    <p>Blockquotes can also be nested...</p>
    <blockquote>
      <p>...by using additional greater-than signs right next to each other...</p>
      <blockquote>
        <p>...or with spaces between arrows.</p>
      </blockquote>
    </blockquote>
  </blockquote>
  <h2 id=\\"lists\\">Lists</h2>
  <p>Unordered</p>
  <ul>
    <li>Create a list by starting a line with <code>+</code>, <code>-</code>, or <code>*</code></li>
    <li>Sub-lists are made by indenting 2 spaces:<ul>
        <li>Marker character change forces new list start:<ul>
            <li>Ac tristique libero volutpat at</li>
          </ul>
          <ul>
            <li>Facilisis in pretium nisl aliquet</li>
          </ul>
          <ul>
            <li>Nulla volutpat aliquam velit</li>
          </ul>
        </li>
      </ul>
    </li>
    <li>Very easy!</li>
  </ul>
  <p>Ordered</p>
  <ol>
    <li>
      <p>Lorem ipsum dolor sit amet</p>
    </li>
    <li>
      <p>Consectetur adipiscing elit</p>
    </li>
    <li>
      <p>Integer molestie lorem at massa</p>
    </li>
    <li>
      <p>You can use sequential numbers...</p>
    </li>
    <li>
      <p>...or keep all the numbers as <code>1.</code></p>
    </li>
  </ol>
  <p>Start numbering with offset:</p>
  <ol start=\\"57\\">
    <li>foo</li>
    <li>bar</li>
  </ol>
  <h2 id=\\"code\\">Code</h2>
  <p>Inline <code>code</code></p>
  <p>Indented code</p>
  <pre><code>// Some comments
line 1 of code
line 2 of code
line 3 of code
</code></pre>
  <p>Block code \\"fences\\"</p>
  <pre><code>Sample text here...
</code></pre>
  <p>Syntax highlighting</p>
  <pre><code class=\\"language-js\\">var foo = function (bar) {
  return bar++;
};

console.log(foo(5));
</code></pre>
  <h2 id=\\"tables\\">Tables</h2>
  <table>
    <thead>
      <tr>
        <th>Option</th>
        <th>Description</th>
      </tr>
    </thead>
    <tbody>
      <tr>
        <td>data</td>
        <td>path to data files to supply the data that will be passed into templates.</td>
      </tr>
      <tr>
        <td>engine</td>
        <td>engine to be used for processing templates. Handlebars is the default.</td>
      </tr>
      <tr>
        <td>ext</td>
        <td>extension to be used for dest files.</td>
      </tr>
    </tbody>
  </table>
  <p>Right aligned columns</p>
  <table>
    <thead>
      <tr>
        <th align=\\"right\\">Option</th>
        <th align=\\"right\\">Description</th>
      </tr>
    </thead>
    <tbody>
      <tr>
        <td align=\\"right\\">data</td>
        <td align=\\"right\\">path to data files to supply the data that will be passed into templates.</td>
      </tr>
      <tr>
        <td align=\\"right\\">engine</td>
        <td align=\\"right\\">engine to be used for processing templates. Handlebars is the default.</td>
      </tr>
      <tr>
        <td align=\\"right\\">ext</td>
        <td align=\\"right\\">extension to be used for dest files.</td>
      </tr>
    </tbody>
  </table>
  <h2 id=\\"links\\">Links</h2>
  <p><a href=\\"http://dev.nodeca.com\\">link text</a></p>
  <p><a href=\\"http://nodeca.github.io/pica/demo/\\" title=\\"title text!\\">link with title</a></p>
  <p>Autoconverted link <a href=\\"https://github.com/nodeca/pica\\">https://github.com/nodeca/pica</a> (enable linkify to see)</p>
  <h2 id=\\"images\\">Images</h2>
  <p><img src=\\"https://octodex.github.com/images/minion.png\\" alt=\\"Minion\\">
    <img src=\\"https://octodex.github.com/images/stormtroopocat.jpg\\" alt=\\"Stormtroopocat\\" title=\\"The Stormtroopocat\\">
  </p>
  <p>Like links, Images also have a footnote style syntax</p>
  <p><img src=\\"https://octodex.github.com/images/dojocat.jpg\\" alt=\\"Alt text\\" title=\\"The Dojocat\\"></p>
  <p>With a reference later in the document defining the URL location:</p>
  <h2 id=\\"plugins\\">Plugins</h2>
  <p>The killer feature of <code>markdown-it</code> is very effective support of
    <a href=\\"https://www.npmjs.org/browse/keyword/markdown-it-plugin\\">syntax plugins</a>.
  </p>
  <h3 id=\\"emojies\\"><a href=\\"https://github.com/markdown-it/markdown-it-emoji\\">Emojies</a></h3>
  <blockquote>
    <p>Classic markup: :wink: :crush: :cry: :tear: :laughing: :yum:</p>
    <p>Shortcuts (emoticons): :-) :-( 8-) ;)</p>
  </blockquote>
  <p>see <a href=\\"https://github.com/markdown-it/markdown-it-emoji#change-output\\">how to change output</a> with twemoji.</p>
  <h3 id=\\"subscript--superscript\\"><a href=\\"https://github.com/markdown-it/markdown-it-sub\\">Subscript</a> / <a href=\\"https://github.com/markdown-it/markdown-it-sup\\">Superscript</a></h3>
  <ul>
    <li>19^th^</li>
    <li>H<del>2</del>O</li>
  </ul>
  <h3 id=\\"ins\\"><a href=\\"https://github.com/markdown-it/markdown-it-ins\\">&lt;ins&gt;</a></h3>
  <p>++Inserted text++</p>
  <h3 id=\\"mark\\"><a href=\\"https://github.com/markdown-it/markdown-it-mark\\">&lt;mark&gt;</a></h3>
  <p>==Marked text==</p>
  <h3 id=\\"footnotes\\"><a href=\\"https://github.com/markdown-it/markdown-it-footnote\\">Footnotes</a></h3>
  <p>Footnote 1 link[^first].</p>
  <p>Footnote 2 link[^second].</p>
  <p>Inline footnote^[Text of inline footnote] definition.</p>
  <p>Duplicated footnote reference[^second].</p>
  <p>[^first]: Footnote <strong>can have markup</strong></p>
  <pre><code>and multiple paragraphs.
</code></pre>
  <p>[^second]: Footnote text.</p>
  <h3 id=\\"definition-lists\\"><a href=\\"https://github.com/markdown-it/markdown-it-deflist\\">Definition lists</a></h3>
  <p>Term 1</p>
  <p>: Definition 1
    with lazy continuation.</p>
  <p>Term 2 with <em>inline markup</em></p>
  <p>: Definition 2</p>
  <pre><code>    { some code, part of Definition 2 }

Third paragraph of definition 2.
</code></pre>
  <p><em>Compact style:</em></p>
  <p>Term 1
    ~ Definition 1</p>
  <p>Term 2
    ~ Definition 2a
    ~ Definition 2b</p>
  <h3 id=\\"abbreviations\\"><a href=\\"https://github.com/markdown-it/markdown-it-abbr\\">Abbreviations</a></h3>
  <p>This is HTML abbreviation example.</p>
  <p>It converts \\"HTML\\", but keep intact partial entries like \\"xxxHTMLyyy\\" and so on.</p>
  <p>*[HTML]: Hyper Text Markup Language</p>
  <h3 id=\\"custom-containers\\"><a href=\\"https://github.com/markdown-it/markdown-it-container\\">Custom containers</a></h3>
  <p>::: warning
    <em>here be dragons</em>
    :::
  </p>
</div>"
`;
